00:00 +0: loading E:/ANU/Graduation Project/source/mobile_flutter/test/widget_test.dart
flutter : lib/features/attendance/data/datasources/attendance_local_datasource.
dart:1016:3: Error: Can't have modifier 'static' here.
At line:1 char:56
+ ... tion Project\source\mobile_flutter" ; flutter test *> test_output.txt
+                                           ~~~~~~~~~~~~~~~~~~~~~~~~~~~~~~~
    + CategoryInfo          : NotSpecified: (lib/features/at... 'static' here. 
   :String) [], RemoteException
    + FullyQualifiedErrorId : NativeCommandError
 
Try removing 'static'.
  static Map<String, dynamic> _parseJson(String json) {
  ^^^^^^
lib/features/attendance/data/datasources/attendance_local_datasource.dart:1140:
1: Error: Expected a declaration, but got '}'.
}
^
lib/features/attendance/data/database/tables/students_table.dart:3:6: Error: 
Error when reading 
'lib/features/attendance/data/database/tables/students_table.g.dart': The 
system cannot find the file specified
part 'students_table.g.dart';
     ^
lib/features/attendance/data/database/tables/courses_table.dart:3:6: Error: 
Error when reading 
'lib/features/attendance/data/database/tables/courses_table.g.dart': The 
system cannot find the file specified
part 'courses_table.g.dart';
     ^
lib/features/attendance/data/database/tables/schedules_table.dart:3:6: Error: 
Error when reading 
'lib/features/attendance/data/database/tables/schedules_table.g.dart': The 
system cannot find the file specified
part 'schedules_table.g.dart';
     ^
lib/features/attendance/data/database/tables/attendance_sessions_table.dart:3:6
: Error: Error when reading 'lib/features/attendance/data/database/tables/atten
dance_sessions_table.g.dart': The system cannot find the file specified
part 'attendance_sessions_table.g.dart';
     ^
lib/features/attendance/data/database/tables/staff_permissions_table.dart:3:6: 
Error: Error when reading 
'lib/features/attendance/data/database/tables/staff_permissions_table.g.dart': 
The system cannot find the file specified
part 'staff_permissions_table.g.dart';
     ^
lib/features/attendance/data/database/tables/qr_mappings_table.dart:3:6: 
Error: Error when reading 
'lib/features/attendance/data/database/tables/qr_mappings_table.g.dart': The 
system cannot find the file specified
part 'qr_mappings_table.g.dart';
     ^
lib/features/attendance/data/database/tables/students_table.dart:3:6: Error: 
Can't use 'lib/features/attendance/data/database/tables/students_table.g.dart' 
as a part, because it has no 'part of' declaration.
part 'students_table.g.dart';
     ^
lib/features/attendance/data/database/tables/courses_table.dart:3:6: Error: 
Can't use 'lib/features/attendance/data/database/tables/courses_table.g.dart' 
as a part, because it has no 'part of' declaration.
part 'courses_table.g.dart';
     ^
lib/features/attendance/data/database/tables/schedules_table.dart:3:6: Error: 
Can't use 
'lib/features/attendance/data/database/tables/schedules_table.g.dart' as a 
part, because it has no 'part of' declaration.
part 'schedules_table.g.dart';
     ^
lib/features/attendance/data/database/tables/attendance_sessions_table.dart:3:6
: Error: Can't use 'lib/features/attendance/data/database/tables/attendance_ses
sions_table.g.dart' as a part, because it has no 'part of' declaration.
part 'attendance_sessions_table.g.dart';
     ^
lib/features/attendance/data/database/tables/staff_permissions_table.dart:3:6: 
Error: Can't use 
'lib/features/attendance/data/database/tables/staff_permissions_table.g.dart' 
as a part, because it has no 'part of' declaration.
part 'staff_permissions_table.g.dart';
     ^
lib/features/attendance/data/database/tables/qr_mappings_table.dart:3:6: 
Error: Can't use 
'lib/features/attendance/data/database/tables/qr_mappings_table.g.dart' as a 
part, because it has no 'part of' declaration.
part 'qr_mappings_table.g.dart';
     ^
lib/features/attendance/data/datasources/attendance_local_datasource.dart:19:10
: Error: Type 'StudentData' not found.
  Future<StudentData?> findStudentByQr(String qrPayload) async {
         ^^^^^^^^^^^
lib/features/attendance/data/datasources/attendance_local_datasource.dart:28:15
: Error: Type 'StudentData' not found.
  Future<List<StudentData>> getStudentsByProgram({
              ^^^^^^^^^^^
lib/features/attendance/data/datasources/attendance_local_datasource.dart:46:10
: Error: Type 'StudentData' not found.
  Future<StudentData> cacheStudent({
         ^^^^^^^^^^^
lib/features/attendance/services/local_student_service.dart:208:23: Error: 
Type 'StudentsData' not found.
  Student _mapStudent(StudentsData data) {
                      ^^^^^^^^^^^^
lib/core/security/security_service.dart:18:34: Error: A value of type 
'FlutterSecureStorage' can't be assigned to a variable of type 'String'.
 - 'FlutterSecureStorage' is from 
'package:flutter_secure_storage/flutter_secure_storage.dart' ('/C:/Users/Win10/
AppData/Local/Pub/Cache/hosted/pub.dev/flutter_secure_storage-9.2.4/lib/flutter
_secure_storage.dart').
  static const String _storage = FlutterSecureStorage(
                                 ^
lib/core/security/security_service.dart:39:20: Error: The method 'write' isn't 
defined for the type 'String'.
Try correcting the name to the name of an existing method, or defining a 
method named 'write'.
    await _storage.write(key: _tokenKey, value: token);
                   ^^^^^
lib/core/security/security_service.dart:43:27: Error: The method 'read' isn't 
defined for the type 'String'.
Try correcting the name to the name of an existing method, or defining a 
method named 'read'.
    return await _storage.read(key: _tokenKey);
                          ^^^^
lib/core/security/security_service.dart:47:20: Error: The method 'delete' 
isn't defined for the type 'String'.
Try correcting the name to the name of an existing method, or defining a 
method named 'delete'.
    await _storage.delete(key: _tokenKey);
                   ^^^^^^
lib/core/security/security_service.dart:55:20: Error: The method 'write' isn't 
defined for the type 'String'.
Try correcting the name to the name of an existing method, or defining a 
method named 'write'.
    await _storage.write(key: _userIdentityKey, value: identity.trim());
                   ^^^^^
lib/core/security/security_service.dart:59:21: Error: The method 'read' isn't 
defined for the type 'String'.
Try correcting the name to the name of an existing method, or defining a 
method named 'read'.
    return _storage.read(key: _userIdentityKey);
                    ^^^^
lib/core/security/security_service.dart:73:39: Error: The method 'read' isn't 
defined for the type 'String'.
Try correcting the name to the name of an existing method, or defining a 
method named 'read'.
    String? deviceId = await _storage.read(key: _deviceIdKey);
                                      ^^^^
lib/core/security/security_service.dart:76:22: Error: The method 'write' isn't 
defined for the type 'String'.
Try correcting the name to the name of an existing method, or defining a 
method named 'write'.
      await _storage.write(key: _deviceIdKey, value: deviceId);
                     ^^^^^
lib/core/security/security_service.dart:86:27: Error: Cannot invoke a 
non-'const' factory where a const expression is expected.
Try using a constructor or factory that is 'const'.
    final appSalt = const String.fromCharCodes([0x41, 0x42, 0x43, 0x44]); // 
"ABCD" constant app salt
                          ^^^^^^
lib/core/security/security_service.dart:121:20: Error: The method 'write' 
isn't defined for the type 'String'.
Try correcting the name to the name of an existing method, or defining a 
method named 'write'.
    await _storage.write(key: 'cred_$service', value: encrypted);
                   ^^^^^
lib/core/security/security_service.dart:126:38: Error: The method 'read' isn't 
defined for the type 'String'.
Try correcting the name to the name of an existing method, or defining a 
method named 'read'.
    final encrypted = await _storage.read(key: 'cred_$service');
                                     ^^^^
lib/core/security/security_service.dart:206:20: Error: The method 'deleteAll' 
isn't defined for the type 'String'.
Try correcting the name to the name of an existing method, or defining a 
method named 'deleteAll'.
    await _storage.deleteAll();
                   ^^^^^^^^^
lib/features/attendance/data/datasources/attendance_local_datasource.dart:237:1
3: Error: No named parameter with the name 'localOnly'.
            localOnly: Value(localOnly),
            ^^^^^^^^^
lib/features/attendance/data/database/attendance_database.g.dart:891:9: 
Context: Found this candidate, but the arguments don't match.
  const AttendancesCompanion({
        ^^^^^^^^^^^^^^^^^^^^
lib/features/attendance/data/datasources/attendance_local_datasource.dart:257:1
1: Error: No named parameter with the name 'localOnly'.
          localOnly: Value(localOnly),
          ^^^^^^^^^
lib/features/attendance/data/database/attendance_database.g.dart:891:9: 
Context: Found this candidate, but the arguments don't match.
  const AttendancesCompanion({
        ^^^^^^^^^^^^^^^^^^^^
lib/features/attendance/data/datasources/attendance_local_datasource.dart:530:2
5: Error: The getter 'localOnly' isn't defined for the type 'Attendance'.
 - 'Attendance' is from 'package:mobile_flutter/features/attendance/data/databa
se/attendance_database.dart' 
('lib/features/attendance/data/database/attendance_database.dart').
Try correcting the name to the name of an existing getter, or defining a 
getter or field named 'localOnly'.
      localOnly: record.localOnly,
                        ^^^^^^^^^
lib/features/attendance/data/datasources/attendance_local_datasource.dart:607:2
0: Error: The getter 'Random' isn't defined for the type 
'AttendanceLocalDataSource'.
 - 'AttendanceLocalDataSource' is from 'package:mobile_flutter/features/attenda
nce/data/datasources/attendance_local_datasource.dart' 
('lib/features/attendance/data/datasources/attendance_local_datasource.dart').
Try correcting the name to the name of an existing getter, or defining a 
getter or field named 'Random'.
    final random = Random.secure();
                   ^^^^^^
lib/features/attendance/data/datasources/attendance_local_datasource.dart:618:3
5: Error: Undefined name 'database'.
    final query = database.select(database.attendances)
                                  ^^^^^^^^
lib/features/attendance/data/datasources/attendance_local_datasource.dart:618:1
9: Error: Undefined name 'database'.
    final query = database.select(database.attendances)
                  ^^^^^^^^
lib/features/attendance/data/datasources/attendance_local_datasource.dart:640:3
5: Error: Undefined name 'database'.
    final query = database.select(database.attendances)
                                  ^^^^^^^^
lib/features/attendance/data/datasources/attendance_local_datasource.dart:640:1
9: Error: Undefined name 'database'.
    final query = database.select(database.attendances)
                  ^^^^^^^^
lib/features/attendance/data/datasources/attendance_local_datasource.dart:687:4
0: Error: Undefined name 'database'.
        final id = await database.into(database.attendances).insert(
                                       ^^^^^^^^
lib/features/attendance/data/datasources/attendance_local_datasource.dart:687:2
6: Error: Undefined name 'database'.
        final id = await database.into(database.attendances).insert(
                         ^^^^^^^^
lib/features/attendance/data/datasources/attendance_local_datasource.dart:697:1
3: Error: No named parameter with the name 'localOnly'.
            localOnly: Value(localOnly),
            ^^^^^^^^^
lib/features/attendance/data/database/attendance_database.g.dart:891:9: 
Context: Found this candidate, but the arguments don't match.
  const AttendancesCompanion({
        ^^^^^^^^^^^^^^^^^^^^
lib/features/attendance/data/datasources/attendance_local_datasource.dart:700:4
9: Error: Undefined name 'database'.
        final inserted = await (database.select(database.attendances)
                                                ^^^^^^^^
lib/features/attendance/data/datasources/attendance_local_datasource.dart:700:3
3: Error: Undefined name 'database'.
        final inserted = await (database.select(database.attendances)
                                ^^^^^^^^
lib/features/attendance/data/datasources/attendance_local_datasource.dart:706:3
0: Error: Undefined name 'database'.
      await (database.update(database.attendances)
                             ^^^^^^^^
lib/features/attendance/data/datasources/attendance_local_datasource.dart:706:1
4: Error: Undefined name 'database'.
      await (database.update(database.attendances)
             ^^^^^^^^
lib/features/attendance/data/datasources/attendance_local_datasource.dart:717:1
1: Error: No named parameter with the name 'localOnly'.
          localOnly: Value(localOnly),
          ^^^^^^^^^
lib/features/attendance/data/database/attendance_database.g.dart:891:9: 
Context: Found this candidate, but the arguments don't match.
  const AttendancesCompanion({
        ^^^^^^^^^^^^^^^^^^^^
lib/features/attendance/data/datasources/attendance_local_datasource.dart:721:4
6: Error: Undefined name 'database'.
      final updated = await (database.select(database.attendances)
                                             ^^^^^^^^
lib/features/attendance/data/datasources/attendance_local_datasource.dart:721:3
0: Error: Undefined name 'database'.
      final updated = await (database.select(database.attendances)
                             ^^^^^^^^
lib/features/attendance/data/datasources/attendance_local_datasource.dart:677:1
2: Error: Undefined name 'database'.
    return database.transaction(() async {
           ^^^^^^^^
lib/features/attendance/data/datasources/attendance_local_datasource.dart:734:2
8: Error: Undefined name 'database'.
    await (database.update(database.attendances)
                           ^^^^^^^^
lib/features/attendance/data/datasources/attendance_local_datasource.dart:734:1
2: Error: Undefined name 'database'.
    await (database.update(database.attendances)
           ^^^^^^^^
lib/features/attendance/data/datasources/attendance_local_datasource.dart:748:2
8: Error: Undefined name 'database'.
    await (database.delete(database.attendances)
                           ^^^^^^^^
lib/features/attendance/data/datasources/attendance_local_datasource.dart:748:1
2: Error: Undefined name 'database'.
    await (database.delete(database.attendances)
           ^^^^^^^^
lib/features/attendance/data/datasources/attendance_local_datasource.dart:754:4
3: Error: Undefined name 'database'.
    final record = await (database.select(database.attendances)
                                          ^^^^^^^^
lib/features/attendance/data/datasources/attendance_local_datasource.dart:754:2
7: Error: Undefined name 'database'.
    final record = await (database.select(database.attendances)
                          ^^^^^^^^
lib/features/attendance/data/datasources/attendance_local_datasource.dart:762:4
4: Error: Undefined name 'database'.
    final records = await (database.select(database.attendances)
                                           ^^^^^^^^
lib/features/attendance/data/datasources/attendance_local_datasource.dart:762:2
8: Error: Undefined name 'database'.
    final records = await (database.select(database.attendances)
                           ^^^^^^^^
lib/features/attendance/data/datasources/attendance_local_datasource.dart:773:2
8: Error: Undefined name 'database'.
    await (database.update(database.attendances)
                           ^^^^^^^^
lib/features/attendance/data/datasources/attendance_local_datasource.dart:773:1
2: Error: Undefined name 'database'.
    await (database.update(database.attendances)
           ^^^^^^^^
lib/features/attendance/data/datasources/attendance_local_datasource.dart:785:2
8: Error: Undefined name 'database'.
    await (database.update(database.attendances)
                           ^^^^^^^^
lib/features/attendance/data/datasources/attendance_local_datasource.dart:785:1
2: Error: Undefined name 'database'.
    await (database.update(database.attendances)
           ^^^^^^^^
lib/features/attendance/data/datasources/attendance_local_datasource.dart:801:2
5: Error: Undefined name 'database'.
    await database.into(database.syncQueues).insert(
                        ^^^^^^^^
lib/features/attendance/data/datasources/attendance_local_datasource.dart:801:1
1: Error: Undefined name 'database'.
    await database.into(database.syncQueues).insert(
          ^^^^^^^^
lib/features/attendance/data/datasources/attendance_local_datasource.dart:813:4
4: Error: Undefined name 'database'.
    final records = await (database.select(database.syncQueues)
                                           ^^^^^^^^
lib/features/attendance/data/datasources/attendance_local_datasource.dart:813:2
8: Error: Undefined name 'database'.
    final records = await (database.select(database.syncQueues)
                           ^^^^^^^^
lib/features/attendance/data/datasources/attendance_local_datasource.dart:830:3
5: Error: Undefined name 'database'.
    final query = database.select(database.syncQueues)
                                  ^^^^^^^^
lib/features/attendance/data/datasources/attendance_local_datasource.dart:830:1
9: Error: Undefined name 'database'.
    final query = database.select(database.syncQueues)
                  ^^^^^^^^
lib/features/attendance/data/datasources/attendance_local_datasource.dart:839:4
1: Error: Undefined name 'database'.
    final rows = await (database.select(database.syncQueues)
                                        ^^^^^^^^
lib/features/attendance/data/datasources/attendance_local_datasource.dart:839:2
5: Error: Undefined name 'database'.
    final rows = await (database.select(database.syncQueues)
                        ^^^^^^^^
lib/features/attendance/data/datasources/attendance_local_datasource.dart:850:2
8: Error: Undefined name 'database'.
    await (database.update(database.syncQueues)
                           ^^^^^^^^
lib/features/attendance/data/datasources/attendance_local_datasource.dart:850:1
2: Error: Undefined name 'database'.
    await (database.update(database.syncQueues)
           ^^^^^^^^
lib/features/attendance/data/datasources/attendance_local_datasource.dart:856:2
8: Error: Undefined name 'database'.
    await (database.update(database.syncQueues)
                           ^^^^^^^^
lib/features/attendance/data/datasources/attendance_local_datasource.dart:856:1
2: Error: Undefined name 'database'.
    await (database.update(database.syncQueues)
           ^^^^^^^^
lib/features/attendance/data/datasources/attendance_local_datasource.dart:867:4
1: Error: Undefined name 'database'.
    final item = await (database.select(database.syncQueues)
                                        ^^^^^^^^
lib/features/attendance/data/datasources/attendance_local_datasource.dart:867:2
5: Error: Undefined name 'database'.
    final item = await (database.select(database.syncQueues)
                        ^^^^^^^^
lib/features/attendance/data/datasources/attendance_local_datasource.dart:875:2
8: Error: Undefined name 'database'.
    await (database.update(database.syncQueues)
                           ^^^^^^^^
lib/features/attendance/data/datasources/attendance_local_datasource.dart:875:1
2: Error: Undefined name 'database'.
    await (database.update(database.syncQueues)
           ^^^^^^^^
lib/features/attendance/data/datasources/attendance_local_datasource.dart:888:2
8: Error: Undefined name 'database'.
    await (database.delete(database.syncQueues)
                           ^^^^^^^^
lib/features/attendance/data/datasources/attendance_local_datasource.dart:888:1
2: Error: Undefined name 'database'.
    await (database.delete(database.syncQueues)
           ^^^^^^^^
lib/features/attendance/data/datasources/attendance_local_datasource.dart:894:2
8: Error: Undefined name 'database'.
    await (database.delete(database.syncQueues)
                           ^^^^^^^^
lib/features/attendance/data/datasources/attendance_local_datasource.dart:894:1
2: Error: Undefined name 'database'.
    await (database.delete(database.syncQueues)
           ^^^^^^^^
lib/features/attendance/data/datasources/attendance_local_datasource.dart:905:2
5: Error: Undefined name 'database'.
    await database.into(database.coursesCaches).insertOnConflictUpdate(
                        ^^^^^^^^
lib/features/attendance/data/datasources/attendance_local_datasource.dart:905:1
1: Error: Undefined name 'database'.
    await database.into(database.coursesCaches).insertOnConflictUpdate(
          ^^^^^^^^
lib/features/attendance/data/datasources/attendance_local_datasource.dart:917:4
3: Error: Undefined name 'database'.
    final record = await (database.select(database.coursesCaches)
                                          ^^^^^^^^
lib/features/attendance/data/datasources/attendance_local_datasource.dart:917:2
7: Error: Undefined name 'database'.
    final record = await (database.select(database.coursesCaches)
                          ^^^^^^^^
lib/features/attendance/data/datasources/attendance_local_datasource.dart:924:3
5: Error: Undefined name 'database'.
    final query = database.select(database.coursesCaches)
                                  ^^^^^^^^
lib/features/attendance/data/datasources/attendance_local_datasource.dart:924:1
9: Error: Undefined name 'database'.
    final query = database.select(database.coursesCaches)
                  ^^^^^^^^
lib/features/attendance/data/datasources/attendance_local_datasource.dart:936:2
5: Error: Undefined name 'database'.
    await database.into(database.studentsCaches).insertOnConflictUpdate(
                        ^^^^^^^^
lib/features/attendance/data/datasources/attendance_local_datasource.dart:936:1
1: Error: Undefined name 'database'.
    await database.into(database.studentsCaches).insertOnConflictUpdate(
          ^^^^^^^^
lib/features/attendance/data/datasources/attendance_local_datasource.dart:947:4
3: Error: Undefined name 'database'.
    final record = await (database.select(database.studentsCaches)
                                          ^^^^^^^^
lib/features/attendance/data/datasources/attendance_local_datasource.dart:947:2
7: Error: Undefined name 'database'.
    final record = await (database.select(database.studentsCaches)
                          ^^^^^^^^
lib/features/attendance/data/datasources/attendance_local_datasource.dart:954:3
5: Error: Undefined name 'database'.
    final query = database.select(database.studentsCaches)
                                  ^^^^^^^^
lib/features/attendance/data/datasources/attendance_local_datasource.dart:954:1
9: Error: Undefined name 'database'.
    final query = database.select(database.studentsCaches)
                  ^^^^^^^^
lib/features/attendance/data/datasources/attendance_local_datasource.dart:972:2
5: Error: Undefined name 'database'.
    await database.into(database.sessionSnapshots).insertOnConflictUpdate(
                        ^^^^^^^^
lib/features/attendance/data/datasources/attendance_local_datasource.dart:972:1
1: Error: Undefined name 'database'.
    await database.into(database.sessionSnapshots).insertOnConflictUpdate(
          ^^^^^^^^
lib/features/attendance/data/datasources/attendance_local_datasource.dart:987:4
3: Error: Undefined name 'database'.
    final record = await (database.select(database.sessionSnapshots)
                                          ^^^^^^^^
lib/features/attendance/data/datasources/attendance_local_datasource.dart:987:2
7: Error: Undefined name 'database'.
    final record = await (database.select(database.sessionSnapshots)
                          ^^^^^^^^
lib/features/attendance/data/datasources/attendance_local_datasource.dart:996:2
0: Error: The argument type 'Map<String, dynamic> Function(String)' can't be 
assigned to the parameter type 'FutureOr<Map<String, dynamic>?> 
Function(dynamic)'.
 - 'Map' is from 'dart:core'.
    return compute(_parseJson, record.payloadJson);
                   ^
lib/features/attendance/data/datasources/attendance_local_datasource.dart:1003:
35: Error: Undefined name 'database'.
    final query = database.select(database.sessionSnapshots)
                                  ^^^^^^^^
lib/features/attendance/data/datasources/attendance_local_datasource.dart:1003:
19: Error: Undefined name 'database'.
    final query = database.select(database.sessionSnapshots)
                  ^^^^^^^^
lib/features/attendance/data/datasources/attendance_local_datasource.dart:1012:
28: Error: The argument type 'Map<String, dynamic> Function(String)' can't be 
assigned to the parameter type 'FutureOr<Map<String, dynamic>> 
Function(dynamic)'.
 - 'Map' is from 'dart:core'.
      return await compute(_parseJson, record.payloadJson);
                           ^
lib/features/attendance/data/datasources/attendance_local_datasource.dart:1026:
25: Error: Undefined name 'database'.
    await 
database.into(database.studentAttendanceStatuses).insertOnConflictUpdate(
                        ^^^^^^^^
lib/features/attendance/data/datasources/attendance_local_datasource.dart:1026:
11: Error: Undefined name 'database'.
    await 
database.into(database.studentAttendanceStatuses).insertOnConflictUpdate(
          ^^^^^^^^
lib/features/attendance/data/datasources/attendance_local_datasource.dart:1037:
43: Error: Undefined name 'database'.
    final record = await (database.select(database.studentAttendanceStatuses)
                                          ^^^^^^^^
lib/features/attendance/data/datasources/attendance_local_datasource.dart:1037:
27: Error: Undefined name 'database'.
    final record = await (database.select(database.studentAttendanceStatuses)
                          ^^^^^^^^
lib/features/attendance/data/datasources/attendance_local_datasource.dart:1044:
20: Error: The argument type 'Map<String, dynamic> Function(String)' can't be 
assigned to the parameter type 'FutureOr<Map<String, dynamic>?> 
Function(dynamic)'.
 - 'Map' is from 'dart:core'.
    return compute(_parseJson, record.payloadJson);
                   ^
lib/features/attendance/data/datasources/attendance_local_datasource.dart:1048:
35: Error: Undefined name 'database'.
    final query = database.select(database.studentAttendanceStatuses)
                                  ^^^^^^^^
lib/features/attendance/data/datasources/attendance_local_datasource.dart:1048:
19: Error: Undefined name 'database'.
    final query = database.select(database.studentAttendanceStatuses)
                  ^^^^^^^^
lib/features/attendance/data/datasources/attendance_local_datasource.dart:1055:
28: Error: The argument type 'Map<String, dynamic> Function(String)' can't be 
assigned to the parameter type 'FutureOr<Map<String, dynamic>> 
Function(dynamic)'.
 - 'Map' is from 'dart:core'.
      return await compute(_parseJson, record.payloadJson);
                           ^
lib/features/attendance/data/datasources/attendance_local_datasource.dart:1071:
25: Error: The getter 'localOnly' isn't defined for the type 'Attendance'.
 - 'Attendance' is from 'package:mobile_flutter/features/attendance/data/databa
se/attendance_database.dart' 
('lib/features/attendance/data/database/attendance_database.dart').
Try correcting the name to the name of an existing getter, or defining a 
getter or field named 'localOnly'.
      localOnly: record.localOnly,
                        ^^^^^^^^^
lib/features/attendance/data/datasources/attendance_local_datasource.dart:1097:
43: Error: Undefined name 'database'.
    final record = await (database.select(database.attendances)
                                          ^^^^^^^^
lib/features/attendance/data/datasources/attendance_local_datasource.dart:1097:
27: Error: Undefined name 'database'.
    final record = await (database.select(database.attendances)
                          ^^^^^^^^
lib/features/attendance/data/database/attendance_database.dart:40:8: Error: 
Superclass has no constructor named '_$AttendanceDatabase._internal'.
  }) : super._internal(NativeDatabase(database));
       ^^^^^
lib/features/attendance/data/database/attendance_database.dart:60:16: Error: 
Method not found: 'OpenDatabaseOptions'.
      options: OpenDatabaseOptions(
               ^^^^^^^^^^^^^^^^^^^
lib/features/attendance/data/database/attendance_database.dart:60:7: Error: No 
named parameter with the name 'options'.
      options: OpenDatabaseOptions(
      ^^^^^^^
/C:/Users/Win10/AppData/Local/Pub/Cache/hosted/pub.dev/sqflite_sqlcipher-2.2.1/
lib/sqflite.dart:125:18: Context: Found this candidate, but the arguments 
don't match.
Future<Database> openDatabase(String path,
                 ^^^^^^^^^^^^
lib/features/attendance/data/database/attendance_database.dart:88:22: Error: 
Couldn't find constructor 'OpenDatabaseOptions'.
      options: const OpenDatabaseOptions(version: 3),
                     ^^^^^^^^^^^^^^^^^^^
lib/features/attendance/data/database/attendance_database.dart:88:7: Error: No 
named parameter with the name 'options'.
      options: const OpenDatabaseOptions(version: 3),
      ^^^^^^^
/C:/Users/Win10/AppData/Local/Pub/Cache/hosted/pub.dev/sqflite_sqlcipher-2.2.1/
lib/sqflite.dart:125:18: Context: Found this candidate, but the arguments 
don't match.
Future<Database> openDatabase(String path,
                 ^^^^^^^^^^^^
lib/features/attendance/data/database/attendance_database.dart:133:30: Error: 
Too many positional arguments: 1 allowed, but 2 found.
Try removing the extra positional arguments.
          await m.createIndex(syncQueues, 'idx_sync_queues_device_priority');
                             ^
lib/features/attendance/data/database/attendance_database.dart:134:30: Error: 
Too many positional arguments: 1 allowed, but 2 found.
Try removing the extra positional arguments.
          await m.createIndex(syncQueues, 'idx_sync_queues_next_retry');
                             ^
lib/features/attendance/data/database/attendance_database.dart:136:30: Error: 
Too many positional arguments: 1 allowed, but 2 found.
Try removing the extra positional arguments.
          await m.createIndex(attendances, 'idx_attendances_offline_uuid');
                             ^
lib/features/attendance/data/database/attendance_database.dart:137:30: Error: 
Too many positional arguments: 1 allowed, but 2 found.
Try removing the extra positional arguments.
          await m.createIndex(attendances, 'idx_attendances_device_student');
                             ^
lib/features/attendance/data/database/attendance_database.dart:138:30: Error: 
Too many positional arguments: 1 allowed, but 2 found.
Try removing the extra positional arguments.
          await m.createIndex(attendances, 'idx_attendances_session_student');
                             ^
lib/features/attendance/data/repositories/attendance_repository.dart:66:30: 
Error: The argument type 'String?' can't be assigned to the parameter type 
'String'.
        universityStudentId: universityStudentId,
                             ^
lib/features/attendance/data/repositories/attendance_repository.dart:95:28: 
Error: The method 'watchPendingCount' isn't defined for the type 
'AttendanceLocalDataSource'.
 - 'AttendanceLocalDataSource' is from 'package:mobile_flutter/features/attenda
nce/data/datasources/attendance_local_datasource.dart' 
('lib/features/attendance/data/datasources/attendance_local_datasource.dart').
Try correcting the name to the name of an existing method, or defining a 
method named 'watchPendingCount'.
    return localDataSource.watchPendingCount();
                           ^^^^^^^^^^^^^^^^^
lib/features/attendance/data/repositories/sync_repository.dart:100:23: Error: 
The method 'jsonDecode' isn't defined for the type 'SyncRepository'.
 - 'SyncRepository' is from 'package:mobile_flutter/features/attendance/data/re
positories/sync_repository.dart' 
('lib/features/attendance/data/repositories/sync_repository.dart').
Try correcting the name to the name of an existing method, or defining a 
method named 'jsonDecode'.
      final payload = jsonDecode(record.payloadJson) as Map<String, dynamic>;
                      ^^^^^^^^^^
lib/features/attendance/data/repositories/sync_repository.dart:120:32: Error: 
The method 'jsonEncode' isn't defined for the type 'SyncRepository'.
 - 'SyncRepository' is from 'package:mobile_flutter/features/attendance/data/re
positories/sync_repository.dart' 
('lib/features/attendance/data/repositories/sync_repository.dart').
Try correcting the name to the name of an existing method, or defining a 
method named 'jsonEncode'.
            payloadJson: Value(jsonEncode(params)),
                               ^^^^^^^^^^
lib/features/attendance/data/repositories/sync_repository.dart:149:30: Error: 
The method 'lessThan' isn't defined for the type 'GeneratedColumn<int>'.
 - 'GeneratedColumn' is from 
'package:drift/src/runtime/query_builder/query_builder.dart' ('/C:/Users/Win10/
AppData/Local/Pub/Cache/hosted/pub.dev/drift-2.33.0/lib/src/runtime/query_build
er/query_builder.dart').
Try correcting the name to the name of an existing method, or defining a 
method named 'lessThan'.
              tbl.retryCount.lessThan(maxRetries))
                             ^^^^^^^^
lib/features/attendance/data/repositories/sync_repository.dart:162:40: Error: 
The getter '_mapSyncQueue' isn't defined for the type 
'AttendanceLocalDataSource'.
 - 'AttendanceLocalDataSource' is from 'package:mobile_flutter/features/attenda
nce/data/datasources/attendance_local_datasource.dart' 
('lib/features/attendance/data/datasources/attendance_local_datasource.dart').
Try correcting the name to the name of an existing getter, or defining a 
getter or field named '_mapSyncQueue'.
    return records.map(localDataSource._mapSyncQueue).toList();
                                       ^^^^^^^^^^^^^
lib/features/attendance/data/repositories/sync_repository.dart:162:55: Error: 
A value of type 'List<dynamic>' can't be returned from an async function with 
return type 'Future<List<SyncQueueModel>>'.
 - 'List' is from 'dart:core'.
 - 'Future' is from 'dart:async'.
 - 'SyncQueueModel' is from 
'package:mobile_flutter/features/attendance/data/models/sync_queue_model.dart' 
('lib/features/attendance/data/models/sync_queue_model.dart').
    return records.map(localDataSource._mapSyncQueue).toList();
                                                      ^
lib/features/attendance/data/repositories/sync_repository.dart:189:40: Error: 
The getter '_mapSyncQueue' isn't defined for the type 
'AttendanceLocalDataSource'.
 - 'AttendanceLocalDataSource' is from 'package:mobile_flutter/features/attenda
nce/data/datasources/attendance_local_datasource.dart' 
('lib/features/attendance/data/datasources/attendance_local_datasource.dart').
Try correcting the name to the name of an existing getter, or defining a 
getter or field named '_mapSyncQueue'.
    return records.map(localDataSource._mapSyncQueue).toList();
                                       ^^^^^^^^^^^^^
lib/features/attendance/data/repositories/sync_repository.dart:189:55: Error: 
A value of type 'List<dynamic>' can't be returned from an async function with 
return type 'Future<List<SyncQueueModel>>'.
 - 'List' is from 'dart:core'.
 - 'Future' is from 'dart:async'.
 - 'SyncQueueModel' is from 
'package:mobile_flutter/features/attendance/data/models/sync_queue_model.dart' 
('lib/features/attendance/data/models/sync_queue_model.dart').
    return records.map(localDataSource._mapSyncQueue).toList();
                                                      ^
lib/features/attendance/services/sync_engine.dart:66:15: Error: A value of 
type 'Future<bool> Function()' can't be assigned to a variable of type 'bool'.
 - 'Future' is from 'dart:async'.
          if (await connectivityRepository.isConnected && !_isSyncing) {
              ^
lib/features/attendance/services/sync_engine.dart:112:11: Error: A value of 
type 'Future<bool> Function()' can't be assigned to a variable of type 'bool'.
 - 'Future' is from 'dart:async'.
      if (await connectivityRepository.isConnected) {
          ^
lib/features/attendance/services/sync_engine.dart:155:49: Error: The argument 
type 'Map<String, List<Map<String, dynamic>>>' can't be assigned to the 
parameter type 'List<Map<String, dynamic>>'.
 - 'Map' is from 'dart:core'.
 - 'List' is from 'dart:core'.
          await _applyServerChanges(entityType, serverChanges);
                                                ^
lib/features/attendance/services/sync_engine.dart:156:59: Error: The argument 
type 'Map<String, List<Map<String, dynamic>>>' can't be assigned to the 
parameter type 'List<Map<String, dynamic>>'.
 - 'Map' is from 'dart:core'.
 - 'List' is from 'dart:core'.
          final latestTimestamp = _extractLatestTimestamp(serverChanges);
                                                          ^
lib/features/attendance/services/local_student_service.dart:82:37: Error: A 
value of type 'List<dynamic>' can't be returned from an async function with 
return type 'Future<List<Student>>'.
 - 'List' is from 'dart:core'.
 - 'Future' is from 'dart:async'.
 - 'Student' is from 'package:mobile_flutter/features/attendance/services/local
_student_service.dart' 
('lib/features/attendance/services/local_student_service.dart').
    return records.map(_mapStudent).toList();
                                    ^
lib/features/attendance/services/local_student_service.dart:126:15: Error: The 
method 'insertOnConflictUpdate' isn't defined for the type 'Batch'.
 - 'Batch' is from 'package:drift/src/runtime/api/runtime_api.dart' ('/C:/Users
/Win10/AppData/Local/Pub/Cache/hosted/pub.dev/drift-2.33.0/lib/src/runtime/api/
runtime_api.dart').
Try correcting the name to the name of an existing method, or defining a 
method named 'insertOnConflictUpdate'.
        batch.insertOnConflictUpdate(
              ^^^^^^^^^^^^^^^^^^^^^^
lib/features/attendance/services/local_student_service.dart:165:18: Error: The 
method 'count' isn't defined for the type 
'SimpleSelectStatement<$StudentsTable, Student>'.
 - 'SimpleSelectStatement' is from 
'package:drift/src/runtime/query_builder/query_builder.dart' ('/C:/Users/Win10/
AppData/Local/Pub/Cache/hosted/pub.dev/drift-2.33.0/lib/src/runtime/query_build
er/query_builder.dart').
 - '$StudentsTable' is from 'package:mobile_flutter/features/attendance/data/da
tabase/attendance_database.dart' 
('lib/features/attendance/data/database/attendance_database.dart').
 - 'Student' is from 'package:mobile_flutter/features/attendance/data/database/
attendance_database.dart' 
('lib/features/attendance/data/database/attendance_database.dart').
Try correcting the name to the name of an existing method, or defining a 
method named 'count'.
    return count.count().get();
                 ^^^^^
lib/features/attendance/services/local_student_service.dart:173:10: Error: The 
method 'count' isn't defined for the type 
'SimpleSelectStatement<$StudentsTable, Student>'.
 - 'SimpleSelectStatement' is from 
'package:drift/src/runtime/query_builder/query_builder.dart' ('/C:/Users/Win10/
AppData/Local/Pub/Cache/hosted/pub.dev/drift-2.33.0/lib/src/runtime/query_build
er/query_builder.dart').
 - '$StudentsTable' is from 'package:mobile_flutter/features/attendance/data/da
tabase/attendance_database.dart' 
('lib/features/attendance/data/database/attendance_database.dart').
 - 'Student' is from 'package:mobile_flutter/features/attendance/data/database/
attendance_database.dart' 
('lib/features/attendance/data/database/attendance_database.dart').
Try correcting the name to the name of an existing method, or defining a 
method named 'count'.
        .count();
         ^^^^^
lib/features/attendance/services/local_student_service.dart:208:23: Error: 
'StudentsData' isn't a type.
  Student _mapStudent(StudentsData data) {
                      ^^^^^^^^^^^^
lib/features/attendance/services/scanner_service.dart:48:24: Error: The method 
'initialize' isn't defined for the type 'MobileScannerController'.
 - 'MobileScannerController' is from 
'package:mobile_scanner/src/mobile_scanner_controller.dart' ('/C:/Users/Win10/A
ppData/Local/Pub/Cache/hosted/pub.dev/mobile_scanner-7.2.0/lib/src/mobile_scann
er_controller.dart').
Try correcting the name to the name of an existing method, or defining a 
method named 'initialize'.
      await controller.initialize();
                       ^^^^^^^^^^
lib/features/attendance/services/scanner_service.dart:111:41: Error: The 
getter 'hasTorch' isn't defined for the type 'MobileScannerState'.
 - 'MobileScannerState' is from 
'package:mobile_scanner/src/objects/mobile_scanner_state.dart' ('/C:/Users/Win1
0/AppData/Local/Pub/Cache/hosted/pub.dev/mobile_scanner-7.2.0/lib/src/objects/m
obile_scanner_state.dart').
Try correcting the name to the name of an existing getter, or defining a 
getter or field named 'hasTorch'.
  bool get hasTorch => controller.value.hasTorch;
                                        ^^^^^^^^
lib/features/attendance/services/scanner_service.dart:114:51: Error: The 
getter 'hasMultipleCameras' isn't defined for the type 'MobileScannerState'.
 - 'MobileScannerState' is from 
'package:mobile_scanner/src/objects/mobile_scanner_state.dart' ('/C:/Users/Win1
0/AppData/Local/Pub/Cache/hosted/pub.dev/mobile_scanner-7.2.0/lib/src/objects/m
obile_scanner_state.dart').
Try correcting the name to the name of an existing getter, or defining a 
getter or field named 'hasMultipleCameras'.
  bool get hasMultipleCameras => controller.value.hasMultipleCameras;
                                                  ^^^^^^^^^^^^^^^^^^
lib/features/attendance/services/scanner_service.dart:117:53: Error: The 
getter 'facing' isn't defined for the type 'MobileScannerState'.
 - 'MobileScannerState' is from 
'package:mobile_scanner/src/objects/mobile_scanner_state.dart' ('/C:/Users/Win1
0/AppData/Local/Pub/Cache/hosted/pub.dev/mobile_scanner-7.2.0/lib/src/objects/m
obile_scanner_state.dart').
Try correcting the name to the name of an existing getter, or defining a 
getter or field named 'facing'.
  CameraFacing get cameraFacing => controller.value.facing;
                                                    ^^^^^^
00:00 +0 -1: loading E:/ANU/Graduation Project/source/mobile_flutter/test/widget_test.dart [E]
  Failed to load "E:/ANU/Graduation Project/source/mobile_flutter/test/widget_test.dart":
  Compilation failed for testPath=E:/ANU/Graduation Project/source/mobile_flutter/test/widget_test.dart: lib/features/attendance/data/datasources/attendance_local_datasource.dart:1016:3: Error: Can't have modifier 'static' here.
  Try removing 'static'.
    static Map<String, dynamic> _parseJson(String json) {
    ^^^^^^
  lib/features/attendance/data/datasources/attendance_local_datasource.dart:1140:1: Error: Expected a declaration, but got '}'.
  }
  ^
  lib/features/attendance/data/database/tables/students_table.dart:3:6: Error: Error when reading 'lib/features/attendance/data/database/tables/students_table.g.dart': The system cannot find the file specified
  part 'students_table.g.dart';
       ^
  lib/features/attendance/data/database/tables/courses_table.dart:3:6: Error: Error when reading 'lib/features/attendance/data/database/tables/courses_table.g.dart': The system cannot find the file specified
  part 'courses_table.g.dart';
       ^
  lib/features/attendance/data/database/tables/schedules_table.dart:3:6: Error: Error when reading 'lib/features/attendance/data/database/tables/schedules_table.g.dart': The system cannot find the file specified
  part 'schedules_table.g.dart';
       ^
  lib/features/attendance/data/database/tables/attendance_sessions_table.dart:3:6: Error: Error when reading 'lib/features/attendance/data/database/tables/attendance_sessions_table.g.dart': The system cannot find the file specified
  part 'attendance_sessions_table.g.dart';
       ^
  lib/features/attendance/data/database/tables/staff_permissions_table.dart:3:6: Error: Error when reading 'lib/features/attendance/data/database/tables/staff_permissions_table.g.dart': The system cannot find the file specified
  part 'staff_permissions_table.g.dart';
       ^
  lib/features/attendance/data/database/tables/qr_mappings_table.dart:3:6: Error: Error when reading 'lib/features/attendance/data/database/tables/qr_mappings_table.g.dart': The system cannot find the file specified
  part 'qr_mappings_table.g.dart';
       ^
  lib/features/attendance/data/database/tables/students_table.dart:3:6: Error: Can't use 'lib/features/attendance/data/database/tables/students_table.g.dart' as a part, because it has no 'part of' declaration.
  part 'students_table.g.dart';
       ^
  lib/features/attendance/data/database/tables/courses_table.dart:3:6: Error: Can't use 'lib/features/attendance/data/database/tables/courses_table.g.dart' as a part, because it has no 'part of' declaration.
  part 'courses_table.g.dart';
       ^
  lib/features/attendance/data/database/tables/schedules_table.dart:3:6: Error: Can't use 'lib/features/attendance/data/database/tables/schedules_table.g.dart' as a part, because it has no 'part of' declaration.
  part 'schedules_table.g.dart';
       ^
  lib/features/attendance/data/database/tables/attendance_sessions_table.dart:3:6: Error: Can't use 'lib/features/attendance/data/database/tables/attendance_sessions_table.g.dart' as a part, because it has no 'part of' declaration.
  part 'attendance_sessions_table.g.dart';
       ^
  lib/features/attendance/data/database/tables/staff_permissions_table.dart:3:6: Error: Can't use 'lib/features/attendance/data/database/tables/staff_permissions_table.g.dart' as a part, because it has no 'part of' declaration.
  part 'staff_permissions_table.g.dart';
       ^
  lib/features/attendance/data/database/tables/qr_mappings_table.dart:3:6: Error: Can't use 'lib/features/attendance/data/database/tables/qr_mappings_table.g.dart' as a part, because it has no 'part of' declaration.
  part 'qr_mappings_table.g.dart';
       ^
  lib/features/attendance/data/datasources/attendance_local_datasource.dart:19:10: Error: Type 'StudentData' not found.
    Future<StudentData?> findStudentByQr(String qrPayload) async {
           ^^^^^^^^^^^
  lib/features/attendance/data/datasources/attendance_local_datasource.dart:28:15: Error: Type 'StudentData' not found.
    Future<List<StudentData>> getStudentsByProgram({
                ^^^^^^^^^^^
  lib/features/attendance/data/datasources/attendance_local_datasource.dart:46:10: Error: Type 'StudentData' not found.
    Future<StudentData> cacheStudent({
           ^^^^^^^^^^^
  lib/features/attendance/services/local_student_service.dart:208:23: Error: Type 'StudentsData' not found.
    Student _mapStudent(StudentsData data) {
                        ^^^^^^^^^^^^
  lib/core/security/security_service.dart:18:34: Error: A value of type 'FlutterSecureStorage' can't be assigned to a variable of type 'String'.
   - 'FlutterSecureStorage' is from 'package:flutter_secure_storage/flutter_secure_storage.dart' ('/C:/Users/Win10/AppData/Local/Pub/Cache/hosted/pub.dev/flutter_secure_storage-9.2.4/lib/flutter_secure_storage.dart').
    static const String _storage = FlutterSecureStorage(
                                   ^
  lib/core/security/security_service.dart:39:20: Error: The method 'write' isn't defined for the type 'String'.
  Try correcting the name to the name of an existing method, or defining a method named 'write'.
      await _storage.write(key: _tokenKey, value: token);
                     ^^^^^
  lib/core/security/security_service.dart:43:27: Error: The method 'read' isn't defined for the type 'String'.
  Try correcting the name to the name of an existing method, or defining a method named 'read'.
      return await _storage.read(key: _tokenKey);
                            ^^^^
  lib/core/security/security_service.dart:47:20: Error: The method 'delete' isn't defined for the type 'String'.
  Try correcting the name to the name of an existing method, or defining a method named 'delete'.
      await _storage.delete(key: _tokenKey);
                     ^^^^^^
  lib/core/security/security_service.dart:55:20: Error: The method 'write' isn't defined for the type 'String'.
  Try correcting the name to the name of an existing method, or defining a method named 'write'.
      await _storage.write(key: _userIdentityKey, value: identity.trim());
                     ^^^^^
  lib/core/security/security_service.dart:59:21: Error: The method 'read' isn't defined for the type 'String'.
  Try correcting the name to the name of an existing method, or defining a method named 'read'.
      return _storage.read(key: _userIdentityKey);
                      ^^^^
  lib/core/security/security_service.dart:73:39: Error: The method 'read' isn't defined for the type 'String'.
  Try correcting the name to the name of an existing method, or defining a method named 'read'.
      String? deviceId = await _storage.read(key: _deviceIdKey);
                                        ^^^^
  lib/core/security/security_service.dart:76:22: Error: The method 'write' isn't defined for the type 'String'.
  Try correcting the name to the name of an existing method, or defining a method named 'write'.
        await _storage.write(key: _deviceIdKey, value: deviceId);
                       ^^^^^
  lib/core/security/security_service.dart:86:27: Error: Cannot invoke a non-'const' factory where a const expression is expected.
  Try using a constructor or factory that is 'const'.
      final appSalt = const String.fromCharCodes([0x41, 0x42, 0x43, 0x44]); // "ABCD" constant app salt
                            ^^^^^^
  lib/core/security/security_service.dart:121:20: Error: The method 'write' isn't defined for the type 'String'.
  Try correcting the name to the name of an existing method, or defining a method named 'write'.
      await _storage.write(key: 'cred_$service', value: encrypted);
                     ^^^^^
  lib/core/security/security_service.dart:126:38: Error: The method 'read' isn't defined for the type 'String'.
  Try correcting the name to the name of an existing method, or defining a method named 'read'.
      final encrypted = await _storage.read(key: 'cred_$service');
                                       ^^^^
  lib/core/security/security_service.dart:206:20: Error: The method 'deleteAll' isn't defined for the type 'String'.
  Try correcting the name to the name of an existing method, or defining a method named 'deleteAll'.
      await _storage.deleteAll();
                     ^^^^^^^^^
  lib/features/attendance/data/datasources/attendance_local_datasource.dart:237:13: Error: No named parameter with the name 'localOnly'.
              localOnly: Value(localOnly),
              ^^^^^^^^^
  lib/features/attendance/data/database/attendance_database.g.dart:891:9: Context: Found this candidate, but the arguments don't match.
    const AttendancesCompanion({
          ^^^^^^^^^^^^^^^^^^^^
  lib/features/attendance/data/datasources/attendance_local_datasource.dart:257:11: Error: No named parameter with the name 'localOnly'.
            localOnly: Value(localOnly),
            ^^^^^^^^^
  lib/features/attendance/data/database/attendance_database.g.dart:891:9: Context: Found this candidate, but the arguments don't match.
    const AttendancesCompanion({
          ^^^^^^^^^^^^^^^^^^^^
  lib/features/attendance/data/datasources/attendance_local_datasource.dart:530:25: Error: The getter 'localOnly' isn't defined for the type 'Attendance'.
   - 'Attendance' is from 'package:mobile_flutter/features/attendance/data/database/attendance_database.dart' ('lib/features/attendance/data/database/attendance_database.dart').
  Try correcting the name to the name of an existing getter, or defining a getter or field named 'localOnly'.
        localOnly: record.localOnly,
                          ^^^^^^^^^
  lib/features/attendance/data/datasources/attendance_local_datasource.dart:607:20: Error: The getter 'Random' isn't defined for the type 'AttendanceLocalDataSource'.
   - 'AttendanceLocalDataSource' is from 'package:mobile_flutter/features/attendance/data/datasources/attendance_local_datasource.dart' ('lib/features/attendance/data/datasources/attendance_local_datasource.dart').
  Try correcting the name to the name of an existing getter, or defining a getter or field named 'Random'.
      final random = Random.secure();
                     ^^^^^^
  lib/features/attendance/data/datasources/attendance_local_datasource.dart:618:35: Error: Undefined name 'database'.
      final query = database.select(database.attendances)
                                    ^^^^^^^^
  lib/features/attendance/data/datasources/attendance_local_datasource.dart:618:19: Error: Undefined name 'database'.
      final query = database.select(database.attendances)
                    ^^^^^^^^
  lib/features/attendance/data/datasources/attendance_local_datasource.dart:640:35: Error: Undefined name 'database'.
      final query = database.select(database.attendances)
                                    ^^^^^^^^
  lib/features/attendance/data/datasources/attendance_local_datasource.dart:640:19: Error: Undefined name 'database'.
      final query = database.select(database.attendances)
                    ^^^^^^^^
  lib/features/attendance/data/datasources/attendance_local_datasource.dart:687:40: Error: Undefined name 'database'.
          final id = await database.into(database.attendances).insert(
                                         ^^^^^^^^
  lib/features/attendance/data/datasources/attendance_local_datasource.dart:687:26: Error: Undefined name 'database'.
          final id = await database.into(database.attendances).insert(
                           ^^^^^^^^
  lib/features/attendance/data/datasources/attendance_local_datasource.dart:697:13: Error: No named parameter with the name 'localOnly'.
              localOnly: Value(localOnly),
              ^^^^^^^^^
  lib/features/attendance/data/database/attendance_database.g.dart:891:9: Context: Found this candidate, but the arguments don't match.
    const AttendancesCompanion({
          ^^^^^^^^^^^^^^^^^^^^
  lib/features/attendance/data/datasources/attendance_local_datasource.dart:700:49: Error: Undefined name 'database'.
          final inserted = await (database.select(database.attendances)
                                                  ^^^^^^^^
  lib/features/attendance/data/datasources/attendance_local_datasource.dart:700:33: Error: Undefined name 'database'.
          final inserted = await (database.select(database.attendances)
                                  ^^^^^^^^
  lib/features/attendance/data/datasources/attendance_local_datasource.dart:706:30: Error: Undefined name 'database'.
        await (database.update(database.attendances)
                               ^^^^^^^^
  lib/features/attendance/data/datasources/attendance_local_datasource.dart:706:14: Error: Undefined name 'database'.
        await (database.update(database.attendances)
               ^^^^^^^^
  lib/features/attendance/data/datasources/attendance_local_datasource.dart:717:11: Error: No named parameter with the name 'localOnly'.
            localOnly: Value(localOnly),
            ^^^^^^^^^
  lib/features/attendance/data/database/attendance_database.g.dart:891:9: Context: Found this candidate, but the arguments don't match.
    const AttendancesCompanion({
          ^^^^^^^^^^^^^^^^^^^^
  lib/features/attendance/data/datasources/attendance_local_datasource.dart:721:46: Error: Undefined name 'database'.
        final updated = await (database.select(database.attendances)
                                               ^^^^^^^^
  lib/features/attendance/data/datasources/attendance_local_datasource.dart:721:30: Error: Undefined name 'database'.
        final updated = await (database.select(database.attendances)
                               ^^^^^^^^
  lib/features/attendance/data/datasources/attendance_local_datasource.dart:677:12: Error: Undefined name 'database'.
      return database.transaction(() async {
             ^^^^^^^^
  lib/features/attendance/data/datasources/attendance_local_datasource.dart:734:28: Error: Undefined name 'database'.
      await (database.update(database.attendances)
                             ^^^^^^^^
  lib/features/attendance/data/datasources/attendance_local_datasource.dart:734:12: Error: Undefined name 'database'.
      await (database.update(database.attendances)
             ^^^^^^^^
  lib/features/attendance/data/datasources/attendance_local_datasource.dart:748:28: Error: Undefined name 'database'.
      await (database.delete(database.attendances)
                             ^^^^^^^^
  lib/features/attendance/data/datasources/attendance_local_datasource.dart:748:12: Error: Undefined name 'database'.
      await (database.delete(database.attendances)
             ^^^^^^^^
  lib/features/attendance/data/datasources/attendance_local_datasource.dart:754:43: Error: Undefined name 'database'.
      final record = await (database.select(database.attendances)
                                            ^^^^^^^^
  lib/features/attendance/data/datasources/attendance_local_datasource.dart:754:27: Error: Undefined name 'database'.
      final record = await (database.select(database.attendances)
                            ^^^^^^^^
  lib/features/attendance/data/datasources/attendance_local_datasource.dart:762:44: Error: Undefined name 'database'.
      final records = await (database.select(database.attendances)
                                             ^^^^^^^^
  lib/features/attendance/data/datasources/attendance_local_datasource.dart:762:28: Error: Undefined name 'database'.
      final records = await (database.select(database.attendances)
                             ^^^^^^^^
  lib/features/attendance/data/datasources/attendance_local_datasource.dart:773:28: Error: Undefined name 'database'.
      await (database.update(database.attendances)
                             ^^^^^^^^
  lib/features/attendance/data/datasources/attendance_local_datasource.dart:773:12: Error: Undefined name 'database'.
      await (database.update(database.attendances)
             ^^^^^^^^
  lib/features/attendance/data/datasources/attendance_local_datasource.dart:785:28: Error: Undefined name 'database'.
      await (database.update(database.attendances)
                             ^^^^^^^^
  lib/features/attendance/data/datasources/attendance_local_datasource.dart:785:12: Error: Undefined name 'database'.
      await (database.update(database.attendances)
             ^^^^^^^^
  lib/features/attendance/data/datasources/attendance_local_datasource.dart:801:25: Error: Undefined name 'database'.
      await database.into(database.syncQueues).insert(
                          ^^^^^^^^
  lib/features/attendance/data/datasources/attendance_local_datasource.dart:801:11: Error: Undefined name 'database'.
      await database.into(database.syncQueues).insert(
            ^^^^^^^^
  lib/features/attendance/data/datasources/attendance_local_datasource.dart:813:44: Error: Undefined name 'database'.
      final records = await (database.select(database.syncQueues)
                                             ^^^^^^^^
  lib/features/attendance/data/datasources/attendance_local_datasource.dart:813:28: Error: Undefined name 'database'.
      final records = await (database.select(database.syncQueues)
                             ^^^^^^^^
  lib/features/attendance/data/datasources/attendance_local_datasource.dart:830:35: Error: Undefined name 'database'.
      final query = database.select(database.syncQueues)
                                    ^^^^^^^^
  lib/features/attendance/data/datasources/attendance_local_datasource.dart:830:19: Error: Undefined name 'database'.
      final query = database.select(database.syncQueues)
                    ^^^^^^^^
  lib/features/attendance/data/datasources/attendance_local_datasource.dart:839:41: Error: Undefined name 'database'.
      final rows = await (database.select(database.syncQueues)
                                          ^^^^^^^^
  lib/features/attendance/data/datasources/attendance_local_datasource.dart:839:25: Error: Undefined name 'database'.
      final rows = await (database.select(database.syncQueues)
                          ^^^^^^^^
  lib/features/attendance/data/datasources/attendance_local_datasource.dart:850:28: Error: Undefined name 'database'.
      await (database.update(database.syncQueues)
                             ^^^^^^^^
  lib/features/attendance/data/datasources/attendance_local_datasource.dart:850:12: Error: Undefined name 'database'.
      await (database.update(database.syncQueues)
             ^^^^^^^^
  lib/features/attendance/data/datasources/attendance_local_datasource.dart:856:28: Error: Undefined name 'database'.
      await (database.update(database.syncQueues)
                             ^^^^^^^^
  lib/features/attendance/data/datasources/attendance_local_datasource.dart:856:12: Error: Undefined name 'database'.
      await (database.update(database.syncQueues)
             ^^^^^^^^
  lib/features/attendance/data/datasources/attendance_local_datasource.dart:867:41: Error: Undefined name 'database'.
      final item = await (database.select(database.syncQueues)
                                          ^^^^^^^^
  lib/features/attendance/data/datasources/attendance_local_datasource.dart:867:25: Error: Undefined name 'database'.
      final item = await (database.select(database.syncQueues)
                          ^^^^^^^^
  lib/features/attendance/data/datasources/attendance_local_datasource.dart:875:28: Error: Undefined name 'database'.
      await (database.update(database.syncQueues)
                             ^^^^^^^^
  lib/features/attendance/data/datasources/attendance_local_datasource.dart:875:12: Error: Undefined name 'database'.
      await (database.update(database.syncQueues)
             ^^^^^^^^
  lib/features/attendance/data/datasources/attendance_local_datasource.dart:888:28: Error: Undefined name 'database'.
      await (database.delete(database.syncQueues)
                             ^^^^^^^^
  lib/features/attendance/data/datasources/attendance_local_datasource.dart:888:12: Error: Undefined name 'database'.
      await (database.delete(database.syncQueues)
             ^^^^^^^^
  lib/features/attendance/data/datasources/attendance_local_datasource.dart:894:28: Error: Undefined name 'database'.
      await (database.delete(database.syncQueues)
                             ^^^^^^^^
  lib/features/attendance/data/datasources/attendance_local_datasource.dart:894:12: Error: Undefined name 'database'.
      await (database.delete(database.syncQueues)
             ^^^^^^^^
  lib/features/attendance/data/datasources/attendance_local_datasource.dart:905:25: Error: Undefined name 'database'.
      await database.into(database.coursesCaches).insertOnConflictUpdate(
                          ^^^^^^^^
  lib/features/attendance/data/datasources/attendance_local_datasource.dart:905:11: Error: Undefined name 'database'.
      await database.into(database.coursesCaches).insertOnConflictUpdate(
            ^^^^^^^^
  lib/features/attendance/data/datasources/attendance_local_datasource.dart:917:43: Error: Undefined name 'database'.
      final record = await (database.select(database.coursesCaches)
                                            ^^^^^^^^
  lib/features/attendance/data/datasources/attendance_local_datasource.dart:917:27: Error: Undefined name 'database'.
      final record = await (database.select(database.coursesCaches)
                            ^^^^^^^^
  lib/features/attendance/data/datasources/attendance_local_datasource.dart:924:35: Error: Undefined name 'database'.
      final query = database.select(database.coursesCaches)
                                    ^^^^^^^^
  lib/features/attendance/data/datasources/attendance_local_datasource.dart:924:19: Error: Undefined name 'database'.
      final query = database.select(database.coursesCaches)
                    ^^^^^^^^
  lib/features/attendance/data/datasources/attendance_local_datasource.dart:936:25: Error: Undefined name 'database'.
      await database.into(database.studentsCaches).insertOnConflictUpdate(
                          ^^^^^^^^
  lib/features/attendance/data/datasources/attendance_local_datasource.dart:936:11: Error: Undefined name 'database'.
      await database.into(database.studentsCaches).insertOnConflictUpdate(
            ^^^^^^^^
  lib/features/attendance/data/datasources/attendance_local_datasource.dart:947:43: Error: Undefined name 'database'.
      final record = await (database.select(database.studentsCaches)
                                            ^^^^^^^^
  lib/features/attendance/data/datasources/attendance_local_datasource.dart:947:27: Error: Undefined name 'database'.
      final record = await (database.select(database.studentsCaches)
                            ^^^^^^^^
  lib/features/attendance/data/datasources/attendance_local_datasource.dart:954:35: Error: Undefined name 'database'.
      final query = database.select(database.studentsCaches)
                                    ^^^^^^^^
  lib/features/attendance/data/datasources/attendance_local_datasource.dart:954:19: Error: Undefined name 'database'.
      final query = database.select(database.studentsCaches)
                    ^^^^^^^^
  lib/features/attendance/data/datasources/attendance_local_datasource.dart:972:25: Error: Undefined name 'database'.
      await database.into(database.sessionSnapshots).insertOnConflictUpdate(
                          ^^^^^^^^
  lib/features/attendance/data/datasources/attendance_local_datasource.dart:972:11: Error: Undefined name 'database'.
      await database.into(database.sessionSnapshots).insertOnConflictUpdate(
            ^^^^^^^^
  lib/features/attendance/data/datasources/attendance_local_datasource.dart:987:43: Error: Undefined name 'database'.
      final record = await (database.select(database.sessionSnapshots)
                                            ^^^^^^^^
  lib/features/attendance/data/datasources/attendance_local_datasource.dart:987:27: Error: Undefined name 'database'.
      final record = await (database.select(database.sessionSnapshots)
                            ^^^^^^^^
  lib/features/attendance/data/datasources/attendance_local_datasource.dart:996:20: Error: The argument type 'Map<String, dynamic> Function(String)' can't be assigned to the parameter type 'FutureOr<Map<String, dynamic>?> Function(dynamic)'.
   - 'Map' is from 'dart:core'.
      return compute(_parseJson, record.payloadJson);
                     ^
  lib/features/attendance/data/datasources/attendance_local_datasource.dart:1003:35: Error: Undefined name 'database'.
      final query = database.select(database.sessionSnapshots)
                                    ^^^^^^^^
  lib/features/attendance/data/datasources/attendance_local_datasource.dart:1003:19: Error: Undefined name 'database'.
      final query = database.select(database.sessionSnapshots)
                    ^^^^^^^^
  lib/features/attendance/data/datasources/attendance_local_datasource.dart:1012:28: Error: The argument type 'Map<String, dynamic> Function(String)' can't be assigned to the parameter type 'FutureOr<Map<String, dynamic>> Function(dynamic)'.
   - 'Map' is from 'dart:core'.
        return await compute(_parseJson, record.payloadJson);
                             ^
  lib/features/attendance/data/datasources/attendance_local_datasource.dart:1026:25: Error: Undefined name 'database'.
      await database.into(database.studentAttendanceStatuses).insertOnConflictUpdate(
                          ^^^^^^^^
  lib/features/attendance/data/datasources/attendance_local_datasource.dart:1026:11: Error: Undefined name 'database'.
      await database.into(database.studentAttendanceStatuses).insertOnConflictUpdate(
            ^^^^^^^^
  lib/features/attendance/data/datasources/attendance_local_datasource.dart:1037:43: Error: Undefined name 'database'.
      final record = await (database.select(database.studentAttendanceStatuses)
                                            ^^^^^^^^
  lib/features/attendance/data/datasources/attendance_local_datasource.dart:1037:27: Error: Undefined name 'database'.
      final record = await (database.select(database.studentAttendanceStatuses)
                            ^^^^^^^^
  lib/features/attendance/data/datasources/attendance_local_datasource.dart:1044:20: Error: The argument type 'Map<String, dynamic> Function(String)' can't be assigned to the parameter type 'FutureOr<Map<String, dynamic>?> Function(dynamic)'.
   - 'Map' is from 'dart:core'.
      return compute(_parseJson, record.payloadJson);
                     ^
  lib/features/attendance/data/datasources/attendance_local_datasource.dart:1048:35: Error: Undefined name 'database'.
      final query = database.select(database.studentAttendanceStatuses)
                                    ^^^^^^^^
  lib/features/attendance/data/datasources/attendance_local_datasource.dart:1048:19: Error: Undefined name 'database'.
      final query = database.select(database.studentAttendanceStatuses)
                    ^^^^^^^^
  lib/features/attendance/data/datasources/attendance_local_datasource.dart:1055:28: Error: The argument type 'Map<String, dynamic> Function(String)' can't be assigned to the parameter type 'FutureOr<Map<String, dynamic>> Function(dynamic)'.
   - 'Map' is from 'dart:core'.
        return await compute(_parseJson, record.payloadJson);
                             ^
  lib/features/attendance/data/datasources/attendance_local_datasource.dart:1071:25: Error: The getter 'localOnly' isn't defined for the type 'Attendance'.
   - 'Attendance' is from 'package:mobile_flutter/features/attendance/data/database/attendance_database.dart' ('lib/features/attendance/data/database/attendance_database.dart').
  Try correcting the name to the name of an existing getter, or defining a getter or field named 'localOnly'.
        localOnly: record.localOnly,
                          ^^^^^^^^^
  lib/features/attendance/data/datasources/attendance_local_datasource.dart:1097:43: Error: Undefined name 'database'.
      final record = await (database.select(database.attendances)
                                            ^^^^^^^^
  lib/features/attendance/data/datasources/attendance_local_datasource.dart:1097:27: Error: Undefined name 'database'.
      final record = await (database.select(database.attendances)
                            ^^^^^^^^
  lib/features/attendance/data/database/attendance_database.dart:40:8: Error: Superclass has no constructor named '_$AttendanceDatabase._internal'.
    }) : super._internal(NativeDatabase(database));
         ^^^^^
  lib/features/attendance/data/database/attendance_database.dart:60:16: Error: Method not found: 'OpenDatabaseOptions'.
        options: OpenDatabaseOptions(
                 ^^^^^^^^^^^^^^^^^^^
  lib/features/attendance/data/database/attendance_database.dart:60:7: Error: No named parameter with the name 'options'.
        options: OpenDatabaseOptions(
        ^^^^^^^
  /C:/Users/Win10/AppData/Local/Pub/Cache/hosted/pub.dev/sqflite_sqlcipher-2.2.1/lib/sqflite.dart:125:18: Context: Found this candidate, but the arguments don't match.
  Future<Database> openDatabase(String path,
                   ^^^^^^^^^^^^
  lib/features/attendance/data/database/attendance_database.dart:88:22: Error: Couldn't find constructor 'OpenDatabaseOptions'.
        options: const OpenDatabaseOptions(version: 3),
                       ^^^^^^^^^^^^^^^^^^^
  lib/features/attendance/data/database/attendance_database.dart:88:7: Error: No named parameter with the name 'options'.
        options: const OpenDatabaseOptions(version: 3),
        ^^^^^^^
  /C:/Users/Win10/AppData/Local/Pub/Cache/hosted/pub.dev/sqflite_sqlcipher-2.2.1/lib/sqflite.dart:125:18: Context: Found this candidate, but the arguments don't match.
  Future<Database> openDatabase(String path,
                   ^^^^^^^^^^^^
  lib/features/attendance/data/database/attendance_database.dart:133:30: Error: Too many positional arguments: 1 allowed, but 2 found.
  Try removing the extra positional arguments.
            await m.createIndex(syncQueues, 'idx_sync_queues_device_priority');
                               ^
  lib/features/attendance/data/database/attendance_database.dart:134:30: Error: Too many positional arguments: 1 allowed, but 2 found.
  Try removing the extra positional arguments.
            await m.createIndex(syncQueues, 'idx_sync_queues_next_retry');
                               ^
  lib/features/attendance/data/database/attendance_database.dart:136:30: Error: Too many positional arguments: 1 allowed, but 2 found.
  Try removing the extra positional arguments.
            await m.createIndex(attendances, 'idx_attendances_offline_uuid');
                               ^
  lib/features/attendance/data/database/attendance_database.dart:137:30: Error: Too many positional arguments: 1 allowed, but 2 found.
  Try removing the extra positional arguments.
            await m.createIndex(attendances, 'idx_attendances_device_student');
                               ^
  lib/features/attendance/data/database/attendance_database.dart:138:30: Error: Too many positional arguments: 1 allowed, but 2 found.
  Try removing the extra positional arguments.
            await m.createIndex(attendances, 'idx_attendances_session_student');
                               ^
  lib/features/attendance/data/repositories/attendance_repository.dart:66:30: Error: The argument type 'String?' can't be assigned to the parameter type 'String'.
          universityStudentId: universityStudentId,
                               ^
  lib/features/attendance/data/repositories/attendance_repository.dart:95:28: Error: The method 'watchPendingCount' isn't defined for the type 'AttendanceLocalDataSource'.
   - 'AttendanceLocalDataSource' is from 'package:mobile_flutter/features/attendance/data/datasources/attendance_local_datasource.dart' ('lib/features/attendance/data/datasources/attendance_local_datasource.dart').
  Try correcting the name to the name of an existing method, or defining a method named 'watchPendingCount'.
      return localDataSource.watchPendingCount();
                             ^^^^^^^^^^^^^^^^^
  lib/features/attendance/data/repositories/sync_repository.dart:100:23: Error: The method 'jsonDecode' isn't defined for the type 'SyncRepository'.
   - 'SyncRepository' is from 'package:mobile_flutter/features/attendance/data/repositories/sync_repository.dart' ('lib/features/attendance/data/repositories/sync_repository.dart').
  Try correcting the name to the name of an existing method, or defining a method named 'jsonDecode'.
        final payload = jsonDecode(record.payloadJson) as Map<String, dynamic>;
                        ^^^^^^^^^^
  lib/features/attendance/data/repositories/sync_repository.dart:120:32: Error: The method 'jsonEncode' isn't defined for the type 'SyncRepository'.
   - 'SyncRepository' is from 'package:mobile_flutter/features/attendance/data/repositories/sync_repository.dart' ('lib/features/attendance/data/repositories/sync_repository.dart').
  Try correcting the name to the name of an existing method, or defining a method named 'jsonEncode'.
              payloadJson: Value(jsonEncode(params)),
                                 ^^^^^^^^^^
  lib/features/attendance/data/repositories/sync_repository.dart:149:30: Error: The method 'lessThan' isn't defined for the type 'GeneratedColumn<int>'.
   - 'GeneratedColumn' is from 'package:drift/src/runtime/query_builder/query_builder.dart' ('/C:/Users/Win10/AppData/Local/Pub/Cache/hosted/pub.dev/drift-2.33.0/lib/src/runtime/query_builder/query_builder.dart').
  Try correcting the name to the name of an existing method, or defining a method named 'lessThan'.
                tbl.retryCount.lessThan(maxRetries))
                               ^^^^^^^^
  lib/features/attendance/data/repositories/sync_repository.dart:162:40: Error: The getter '_mapSyncQueue' isn't defined for the type 'AttendanceLocalDataSource'.
   - 'AttendanceLocalDataSource' is from 'package:mobile_flutter/features/attendance/data/datasources/attendance_local_datasource.dart' ('lib/features/attendance/data/datasources/attendance_local_datasource.dart').
  Try correcting the name to the name of an existing getter, or defining a getter or field named '_mapSyncQueue'.
      return records.map(localDataSource._mapSyncQueue).toList();
                                         ^^^^^^^^^^^^^
  lib/features/attendance/data/repositories/sync_repository.dart:162:55: Error: A value of type 'List<dynamic>' can't be returned from an async function with return type 'Future<List<SyncQueueModel>>'.
   - 'List' is from 'dart:core'.
   - 'Future' is from 'dart:async'.
   - 'SyncQueueModel' is from 'package:mobile_flutter/features/attendance/data/models/sync_queue_model.dart' ('lib/features/attendance/data/models/sync_queue_model.dart').
      return records.map(localDataSource._mapSyncQueue).toList();
                                                        ^
  lib/features/attendance/data/repositories/sync_repository.dart:189:40: Error: The getter '_mapSyncQueue' isn't defined for the type 'AttendanceLocalDataSource'.
   - 'AttendanceLocalDataSource' is from 'package:mobile_flutter/features/attendance/data/datasources/attendance_local_datasource.dart' ('lib/features/attendance/data/datasources/attendance_local_datasource.dart').
  Try correcting the name to the name of an existing getter, or defining a getter or field named '_mapSyncQueue'.
      return records.map(localDataSource._mapSyncQueue).toList();
                                         ^^^^^^^^^^^^^
  lib/features/attendance/data/repositories/sync_repository.dart:189:55: Error: A value of type 'List<dynamic>' can't be returned from an async function with return type 'Future<List<SyncQueueModel>>'.
   - 'List' is from 'dart:core'.
   - 'Future' is from 'dart:async'.
   - 'SyncQueueModel' is from 'package:mobile_flutter/features/attendance/data/models/sync_queue_model.dart' ('lib/features/attendance/data/models/sync_queue_model.dart').
      return records.map(localDataSource._mapSyncQueue).toList();
                                                        ^
  lib/features/attendance/services/sync_engine.dart:66:15: Error: A value of type 'Future<bool> Function()' can't be assigned to a variable of type 'bool'.
   - 'Future' is from 'dart:async'.
            if (await connectivityRepository.isConnected && !_isSyncing) {
                ^
  lib/features/attendance/services/sync_engine.dart:112:11: Error: A value of type 'Future<bool> Function()' can't be assigned to a variable of type 'bool'.
   - 'Future' is from 'dart:async'.
        if (await connectivityRepository.isConnected) {
            ^
  lib/features/attendance/services/sync_engine.dart:155:49: Error: The argument type 'Map<String, List<Map<String, dynamic>>>' can't be assigned to the parameter type 'List<Map<String, dynamic>>'.
   - 'Map' is from 'dart:core'.
   - 'List' is from 'dart:core'.
            await _applyServerChanges(entityType, serverChanges);
                                                  ^
  lib/features/attendance/services/sync_engine.dart:156:59: Error: The argument type 'Map<String, List<Map<String, dynamic>>>' can't be assigned to the parameter type 'List<Map<String, dynamic>>'.
   - 'Map' is from 'dart:core'.
   - 'List' is from 'dart:core'.
            final latestTimestamp = _extractLatestTimestamp(serverChanges);
                                                            ^
  lib/features/attendance/services/local_student_service.dart:82:37: Error: A value of type 'List<dynamic>' can't be returned from an async function with return type 'Future<List<Student>>'.
   - 'List' is from 'dart:core'.
   - 'Future' is from 'dart:async'.
   - 'Student' is from 'package:mobile_flutter/features/attendance/services/local_student_service.dart' ('lib/features/attendance/services/local_student_service.dart').
      return records.map(_mapStudent).toList();
                                      ^
  lib/features/attendance/services/local_student_service.dart:126:15: Error: The method 'insertOnConflictUpdate' isn't defined for the type 'Batch'.
   - 'Batch' is from 'package:drift/src/runtime/api/runtime_api.dart' ('/C:/Users/Win10/AppData/Local/Pub/Cache/hosted/pub.dev/drift-2.33.0/lib/src/runtime/api/runtime_api.dart').
  Try correcting the name to the name of an existing method, or defining a method named 'insertOnConflictUpdate'.
          batch.insertOnConflictUpdate(
                ^^^^^^^^^^^^^^^^^^^^^^
  lib/features/attendance/services/local_student_service.dart:165:18: Error: The method 'count' isn't defined for the type 'SimpleSelectStatement<$StudentsTable, Student>'.
   - 'SimpleSelectStatement' is from 'package:drift/src/runtime/query_builder/query_builder.dart' ('/C:/Users/Win10/AppData/Local/Pub/Cache/hosted/pub.dev/drift-2.33.0/lib/src/runtime/query_builder/query_builder.dart').
   - '$StudentsTable' is from 'package:mobile_flutter/features/attendance/data/database/attendance_database.dart' ('lib/features/attendance/data/database/attendance_database.dart').
   - 'Student' is from 'package:mobile_flutter/features/attendance/data/database/attendance_database.dart' ('lib/features/attendance/data/database/attendance_database.dart').
  Try correcting the name to the name of an existing method, or defining a method named 'count'.
      return count.count().get();
                   ^^^^^
  lib/features/attendance/services/local_student_service.dart:173:10: Error: The method 'count' isn't defined for the type 'SimpleSelectStatement<$StudentsTable, Student>'.
   - 'SimpleSelectStatement' is from 'package:drift/src/runtime/query_builder/query_builder.dart' ('/C:/Users/Win10/AppData/Local/Pub/Cache/hosted/pub.dev/drift-2.33.0/lib/src/runtime/query_builder/query_builder.dart').
   - '$StudentsTable' is from 'package:mobile_flutter/features/attendance/data/database/attendance_database.dart' ('lib/features/attendance/data/database/attendance_database.dart').
   - 'Student' is from 'package:mobile_flutter/features/attendance/data/database/attendance_database.dart' ('lib/features/attendance/data/database/attendance_database.dart').
  Try correcting the name to the name of an existing method, or defining a method named 'count'.
          .count();
           ^^^^^
  lib/features/attendance/services/local_student_service.dart:208:23: Error: 'StudentsData' isn't a type.
    Student _mapStudent(StudentsData data) {
                        ^^^^^^^^^^^^
  lib/features/attendance/services/scanner_service.dart:48:24: Error: The method 'initialize' isn't defined for the type 'MobileScannerController'.
   - 'MobileScannerController' is from 'package:mobile_scanner/src/mobile_scanner_controller.dart' ('/C:/Users/Win10/AppData/Local/Pub/Cache/hosted/pub.dev/mobile_scanner-7.2.0/lib/src/mobile_scanner_controller.dart').
  Try correcting the name to the name of an existing method, or defining a method named 'initialize'.
        await controller.initialize();
                         ^^^^^^^^^^
  lib/features/attendance/services/scanner_service.dart:111:41: Error: The getter 'hasTorch' isn't defined for the type 'MobileScannerState'.
   - 'MobileScannerState' is from 'package:mobile_scanner/src/objects/mobile_scanner_state.dart' ('/C:/Users/Win10/AppData/Local/Pub/Cache/hosted/pub.dev/mobile_scanner-7.2.0/lib/src/objects/mobile_scanner_state.dart').
  Try correcting the name to the name of an existing getter, or defining a getter or field named 'hasTorch'.
    bool get hasTorch => controller.value.hasTorch;
                                          ^^^^^^^^
  lib/features/attendance/services/scanner_service.dart:114:51: Error: The getter 'hasMultipleCameras' isn't defined for the type 'MobileScannerState'.
   - 'MobileScannerState' is from 'package:mobile_scanner/src/objects/mobile_scanner_state.dart' ('/C:/Users/Win10/AppData/Local/Pub/Cache/hosted/pub.dev/mobile_scanner-7.2.0/lib/src/objects/mobile_scanner_state.dart').
  Try correcting the name to the name of an existing getter, or defining a getter or field named 'hasMultipleCameras'.
    bool get hasMultipleCameras => controller.value.hasMultipleCameras;
                                                    ^^^^^^^^^^^^^^^^^^
  lib/features/attendance/services/scanner_service.dart:117:53: Error: The getter 'facing' isn't defined for the type 'MobileScannerState'.
   - 'MobileScannerState' is from 'package:mobile_scanner/src/objects/mobile_scanner_state.dart' ('/C:/Users/Win10/AppData/Local/Pub/Cache/hosted/pub.dev/mobile_scanner-7.2.0/lib/src/objects/mobile_scanner_state.dart').
  Try correcting the name to the name of an existing getter, or defining a getter or field named 'facing'.
    CameraFacing get cameraFacing => controller.value.facing;
                                                      ^^^^^^
  .
00:00 +0 -1: Some tests failed.
