00:00 +0: loading E:/ANU/Graduation Project/source/mobile_flutter/test/widget_test.dart
00:00 +0: App bootstraps and shows a loading state initially
ظـظـظـة EXCEPTION CAUGHT BY FLUTTER TEST FRAMEWORK ظـئظـظـظـظـظـظـظـظـظـظـظـظـظـظـظـظـظـظـظـظـظـظـظـظـظـظـظـظـظـظـظـظـظـظـظـظـظـظـظـظـظـظـظـظـظـظـظـظـظـظـظـظـ
The following TestFailure was thrown running a test:
Expected: exactly one matching candidate
  Actual: _TextWidgetFinder:<Found 0 widgets with text "Loading app...": []>
   Which: means none were found but one was expected

When the exception was thrown, this was the stack:
#4      main.<anonymous closure> (file:///E:/ANU/Graduation%20Project/source/mobile_flutter/test/widget_test.dart:10:5)
<asynchronous suspension>
#5      testWidgets.<anonymous closure>.<anonymous closure> (package:flutter_test/src/widget_tester.dart:192:15)
<asynchronous suspension>
#6      TestWidgetsFlutterBinding._runTestBody (package:flutter_test/src/binding.dart:1682:5)
<asynchronous suspension>
<asynchronous suspension>
(elided one frame from package:stack_trace)

This was caught by the test expectation on the following line:
  file:///E:/ANU/Graduation%20Project/source/mobile_flutter/test/widget_test.dart line 10
The test description was:
  App bootstraps and shows a loading state initially
ظـظـظـظـظـظـظـظـظـظـظـظـظـظـظـظـظـظـظـظـظـظـظـظـظـظـظـظـظـظـظـظـظـظـظـظـظـظـظـظـظـظـظـظـظـظـظـظـظـظـظـظـظـظـظـظـظـظـظـظـظـظـظـظـظـظـظـظـظـظـظـظـظـظـظـظـظـظـظـظـظـظـظـظـظـظـظـظـظـظـظـظـظـظـظـظـظـظـظـظـ
00:00 +0 -1: App bootstraps and shows a loading state initially [E]
  Test failed. See exception logs above.
  The test description was: App bootstraps and shows a loading state initially
  
00:01 +0 -1: Some tests failed.
